[0m23:10:19.078399 [debug] [MainThread]: Sending event: {'category': 'dbt', 'action': 'invocation', 'label': 'start', 'context': [<snowplow_tracker.self_describing_json.SelfDescribingJson object at 0x000002E40EB8A6F0>, <snowplow_tracker.self_describing_json.SelfDescribingJson object at 0x000002E411A0DC40>, <snowplow_tracker.self_describing_json.SelfDescribingJson object at 0x000002E411DA90D0>]}


============================== 23:10:19.087182 | 123833e3-2a81-4278-bc08-6bb621665473 ==============================
[0m23:10:19.087182 [info ] [MainThread]: Running with dbt=1.11.12
[0m23:10:19.089182 [debug] [MainThread]: running dbt with arguments {'version_check': 'True', 'no_print': 'None', 'static_parser': 'True', 'warn_error_options': 'WarnErrorOptionsV2(error=[], warn=[], silence=[])', 'target_path': 'None', 'printer_width': '80', 'write_json': 'True', 'introspect': 'True', 'log_cache_events': 'False', 'empty': 'None', 'cache_selected_only': 'False', 'fail_fast': 'False', 'debug': 'False', 'log_format': 'default', 'profiles_dir': 'C:\\Users\\sebas\\.dbt', 'send_anonymous_usage_stats': 'True', 'quiet': 'False', 'warn_error': 'None', 'partial_parse': 'True', 'invocation_command': 'dbt init pipeline_geospatial', 'indirect_selection': 'eager', 'use_colors': 'True', 'use_experimental_parser': 'False', 'log_path': 'logs'}
[0m23:10:19.207415 [debug] [MainThread]: Starter project path: C:\Users\sebas\anaconda3\Lib\site-packages\dbt\include\starter_project
[0m23:10:19.262837 [info ] [MainThread]: 
Your new dbt project "pipeline_geospatial" was created!

For more information on how to configure the profiles.yml file,
please consult the dbt documentation here:

  https://docs.getdbt.com/docs/configure-your-profile

One more thing:

Need help? Don't hesitate to reach out to us via GitHub issues or on Slack:

  https://community.getdbt.com/

Happy modeling!

[0m23:10:19.263839 [info ] [MainThread]: Setting up your profile.
[0m23:12:16.776275 [info ] [MainThread]: Profile pipeline_geospatial written to C:\Users\sebas\.dbt\profiles.yml using target's profile_template.yml and your supplied values. Run 'dbt debug' to validate the connection.
[0m23:12:16.777876 [debug] [MainThread]: Command `dbt init` succeeded at 23:12:16.777876 after 118.12 seconds
[0m23:12:16.777876 [debug] [MainThread]: Sending event: {'category': 'dbt', 'action': 'invocation', 'label': 'end', 'context': [<snowplow_tracker.self_describing_json.SelfDescribingJson object at 0x000002E411C71100>, <snowplow_tracker.self_describing_json.SelfDescribingJson object at 0x000002E4115F06B0>, <snowplow_tracker.self_describing_json.SelfDescribingJson object at 0x000002E41315A7B0>]}
[0m23:12:16.778907 [debug] [MainThread]: Flushing usage events
[0m23:12:17.303134 [debug] [MainThread]: An error was encountered while trying to flush usage events
